../Core/Src/main.c:172:6:HAL_SYSTICK_Handler	4	static
../Core/Src/main.c:189:1:__io_putchar	16	static
../Core/Src/main.c:199:6:delay_us	16	static
../Core/Src/main.c:209:6:HAL_GPIO_EXTI_Callback	16	static
../Core/Src/main.c:241:13:HAL_ADC_ConvCpltCallback	16	static
../Core/Src/main.c:256:5:main	8	static
../Core/Src/main.c:401:6:SystemClock_Config	88	static
../Core/Src/main.c:448:13:MX_ADC1_Init	24	static
../Core/Src/main.c:500:13:MX_ETH_Init	8	static
../Core/Src/main.c:549:13:MX_I2C1_Init	8	static
../Core/Src/main.c:597:13:MX_RTC_Init	32	static
../Core/Src/main.c:660:13:MX_TIM2_Init	48	static
../Core/Src/main.c:709:13:MX_TIM3_Init	32	static
../Core/Src/main.c:757:13:MX_TIM4_Init	32	static
../Core/Src/main.c:802:13:MX_TIM5_Init	64	static
../Core/Src/main.c:861:13:MX_TIM10_Init	8	static
../Core/Src/main.c:892:13:MX_TIM11_Init	8	static
../Core/Src/main.c:923:13:MX_USART3_UART_Init	8	static
../Core/Src/main.c:956:13:MX_USART6_UART_Init	8	static
../Core/Src/main.c:989:13:MX_USB_OTG_FS_PCD_Init	8	static
../Core/Src/main.c:1024:13:MX_GPIO_Init	64	static
../Core/Src/main.c:1167:6:StartDefaultTask	16	static
../Core/Src/main.c:1185:6:Task1_func	16	static
../Core/Src/main.c:1204:6:Task2_func	16	static
../Core/Src/main.c:1223:6:Task3_func	16	static
../Core/Src/main.c:1242:6:Task4_func	16	static
../Core/Src/main.c:1276:6:HAL_TIM_PeriodElapsedCallback	16	static
../Core/Src/main.c:1296:6:Error_Handler	4	static,ignoring_inline_asm
