../Core/Src/stm32f4xx_hal_msp.c:65:6:HAL_MspInit	16	static
../Core/Src/stm32f4xx_hal_msp.c:89:6:HAL_ADC_MspInit	48	static
../Core/Src/stm32f4xx_hal_msp.c:125:6:HAL_ADC_MspDeInit	16	static
../Core/Src/stm32f4xx_hal_msp.c:155:6:HAL_ETH_MspInit	64	static
../Core/Src/stm32f4xx_hal_msp.c:222:6:HAL_ETH_MspDeInit	16	static
../Core/Src/stm32f4xx_hal_msp.c:264:6:HAL_I2C_MspInit	48	static
../Core/Src/stm32f4xx_hal_msp.c:300:6:HAL_I2C_MspDeInit	16	static
../Core/Src/stm32f4xx_hal_msp.c:331:6:HAL_RTC_MspInit	64	static
../Core/Src/stm32f4xx_hal_msp.c:364:6:HAL_RTC_MspDeInit	16	static
../Core/Src/stm32f4xx_hal_msp.c:386:6:HAL_TIM_PWM_MspInit	24	static
../Core/Src/stm32f4xx_hal_msp.c:411:6:HAL_TIM_IC_MspInit	48	static
../Core/Src/stm32f4xx_hal_msp.c:449:6:HAL_TIM_Base_MspInit	32	static
../Core/Src/stm32f4xx_hal_msp.c:510:6:HAL_TIM_MspPostInit	48	static
../Core/Src/stm32f4xx_hal_msp.c:562:6:HAL_TIM_PWM_MspDeInit	16	static
../Core/Src/stm32f4xx_hal_msp.c:587:6:HAL_TIM_IC_MspDeInit	16	static
../Core/Src/stm32f4xx_hal_msp.c:617:6:HAL_TIM_Base_MspDeInit	16	static
../Core/Src/stm32f4xx_hal_msp.c:684:6:HAL_UART_MspInit	56	static
../Core/Src/stm32f4xx_hal_msp.c:750:6:HAL_UART_MspDeInit	16	static
../Core/Src/stm32f4xx_hal_msp.c:801:6:HAL_PCD_MspInit	48	static
../Core/Src/stm32f4xx_hal_msp.c:845:6:HAL_PCD_MspDeInit	16	static
