../Core/Src/stm32f4xx_it.c:79:6:NMI_Handler	4	static
../Core/Src/stm32f4xx_it.c:94:6:HardFault_Handler	4	static
../Core/Src/stm32f4xx_it.c:109:6:MemManage_Handler	4	static
../Core/Src/stm32f4xx_it.c:124:6:BusFault_Handler	4	static
../Core/Src/stm32f4xx_it.c:139:6:UsageFault_Handler	4	static
../Core/Src/stm32f4xx_it.c:154:6:DebugMon_Handler	4	static
../Core/Src/stm32f4xx_it.c:174:6:EXTI0_IRQHandler	8	static
../Core/Src/stm32f4xx_it.c:188:6:EXTI1_IRQHandler	8	static
../Core/Src/stm32f4xx_it.c:202:6:EXTI2_IRQHandler	8	static
../Core/Src/stm32f4xx_it.c:216:6:EXTI3_IRQHandler	8	static
../Core/Src/stm32f4xx_it.c:230:6:ADC_IRQHandler	8	static
../Core/Src/stm32f4xx_it.c:244:6:TIM1_UP_TIM10_IRQHandler	8	static
../Core/Src/stm32f4xx_it.c:258:6:TIM1_TRG_COM_TIM11_IRQHandler	8	static
../Core/Src/stm32f4xx_it.c:272:6:TIM2_IRQHandler	8	static
../Core/Src/stm32f4xx_it.c:286:6:TIM3_IRQHandler	8	static
../Core/Src/stm32f4xx_it.c:300:6:TIM4_IRQHandler	8	static
../Core/Src/stm32f4xx_it.c:314:6:USART3_IRQHandler	8	static
../Core/Src/stm32f4xx_it.c:328:6:TIM5_IRQHandler	8	static
../Core/Src/stm32f4xx_it.c:342:6:TIM6_DAC_IRQHandler	8	static
../Core/Src/stm32f4xx_it.c:356:6:USART6_IRQHandler	8	static
